// Jest Snapshot v1, https://goo.gl/fbAQLP

exports[`BeamItem.vue match snapshot 1`] = `
<div class="beamitem">
  <div class="container container--fluid">
    <h2>Beam</h2>
    <div class="d-flex justify-start my-2" style="max-width: 980px;"><a href="/beams" class="v-btn v-btn--flat v-btn--icon v-btn--round v-btn--router v-btn--text theme--light v-size--default"><span class="v-btn__content"><i aria-hidden="true" class="v-icon notranslate mdi mdi-arrow-left theme--light"></i></span></a><span class="v-tooltip v-tooltip--bottom"><div class="v-tooltip__content" style="left: 0px; max-width: auto; opacity: 0; top: 12px; z-index: 0; display: none;"></div></span></div>
    <div>
      <beamitemcard-stub beamname="20200207"></beamitemcard-stub>
    </div>
  </div>
</div>
`;
