// Jest Snapshot v1, https://goo.gl/fbAQLP

exports[`MapItem.vue match snapshot 1`] = `
<div class="mapitem">
  <div class="container container--fluid">
    <div class="row display-1 mx-1 mt-3 primary--text" style="max-width: 980px;">
      <div col="8" class="pa-0 ma-0 col"><span class="me-2"><i aria-hidden="true" class="v-icon notranslate material-icons theme--light">map</i></span>Maps
        <i aria-hidden="true" class="v-icon notranslate mdi mdi-chevron-right theme--light primary--text" style="font-size: 36px;"></i>

      </div>
    </div>
    <div class="map-item" style="position: relative;"><button type="button" class="v-btn v-btn--absolute v-btn--flat v-btn--icon v-btn--round theme--light v-size--default" style="top: -15px; right: -10px;"><span class="v-btn__content"><i aria-hidden="true" class="v-icon notranslate mdi mdi-nut theme--light grey--text text--lighten-1" style="font-size: 12px;"></i></span></button>
      <div class="v-menu">
        <!---->
      </div>
      <div>
        <div class="container pa-0 container--fluid">
          <div class="row ma-0 px-0 pt-3 pb-1 align-start justify-end" style="max-width: 980px;"><a href="/maps" class="v-btn v-btn--flat v-btn--icon v-btn--round v-btn--router v-btn--text theme--light v-size--default"><span class="v-btn__content"><i aria-hidden="true" class="v-icon notranslate mdi mdi-arrow-left theme--light"></i></span></a><span class="v-tooltip v-tooltip--bottom"><!----></span> <span class="v-tooltip v-tooltip--bottom"><!----></span><button type="button" class="v-btn v-btn--flat v-btn--icon v-btn--round theme--light v-size--default"><span class="v-btn__content"><i aria-hidden="true" class="v-icon notranslate mdi mdi-refresh theme--light"></i></span></button>
            <div class="spacer"></div>
          </div>
        </div>
        <div>
          <mapitemcard-stub mapid="1013"></mapitemcard-stub>
        </div>
      </div>
    </div>
  </div>
</div>
`;
